// Jest Snapshot v1, https://goo.gl/fbAQLP

exports[`ArtworksList tests should render artworks list component after data is fetched from API, collection name and description should be displayed 1`] = `
<div
  class="flex flex-row mb-4 mt-2"
  data-testid="collection-name-and-description-container"
>
  <div
    class="flex flex-col w-full"
  >
    <h2
      class="text-4xl font-bold text-gray-800 dark:text-white mb-1"
    >
      example collection
    </h2>
    <p
      class="text-xl text-gray-600 dark:text-gray-300"
    >
      example collection description
    </p>
  </div>
</div>
`;
