// Jest Snapshot v1, https://goo.gl/fbAQLP

exports[`CreateArtworkPage tests should render component after data is fetched from API and render category tree correctly 1`] = `
<div
  data-testid="category-tree"
>
  <div
    class="relative "
  >
    <div
      class="relative w-full mb-2"
    >
      <label
        class="absolute left-2 top-2 text-xs text-gray-500 dark:text-gray-400 bg-white px-1 z-10 dark:bg-gray-800"
        for="field-0"
      >
        Tytuł
      </label>
      <input
        aria-label="Tytuł-input"
        class="block w-full rounded-none border border-gray-300 bg-white px-3 pt-7 pb-2 text-sm
               placeholder-transparent focus:border-blue-400 focus:outline-none
               focus:shadow-[inset_0_0_3px_rgba(59,130,246,0.3)]
               dark:border-gray-600 dark:bg-gray-800 dark:text-white dark:placeholder-gray-500
               dark:focus:border-blue-400 dark:focus:shadow-[inset_0_0_3px_rgba(59,130,246,0.3)]"
        id="field-0"
        maxlength="100"
        type="text"
        value=""
      />
    </div>
    <div
      class="ml-4"
    >
      <div
        class="relative pl-6"
      >
        <div
          class="absolute left-0 w-px bg-gray-300 dark:bg-gray-600"
          style="top: -0.5rem; bottom: 2.1rem;"
        />
        <div
          class="absolute left-0 top-6 h-px w-6 bg-gray-300 dark:bg-gray-600"
        />
        <div
          class="relative w-full mb-2"
        >
          <label
            class="absolute left-2 top-2 text-xs text-gray-500 dark:text-gray-400 bg-white px-1 z-10 dark:bg-gray-800"
            for="field-0-0"
          >
            Podtytuł
          </label>
          <input
            aria-label="Podtytuł-input"
            class="block w-full rounded-none border border-gray-300 bg-white px-3 pt-7 pb-2 text-sm
               placeholder-transparent focus:border-blue-400 focus:outline-none
               focus:shadow-[inset_0_0_3px_rgba(59,130,246,0.3)]
               dark:border-gray-600 dark:bg-gray-800 dark:text-white dark:placeholder-gray-500
               dark:focus:border-blue-400 dark:focus:shadow-[inset_0_0_3px_rgba(59,130,246,0.3)]"
            id="field-0-0"
            maxlength="100"
            type="text"
            value=""
          />
        </div>
        <div
          class="ml-4"
        />
      </div>
    </div>
  </div>
  <div
    class="relative "
  >
    <div
      class="relative w-full mb-2"
    >
      <label
        class="absolute left-2 top-2 text-xs text-gray-500 dark:text-gray-400 bg-white px-1 z-10 dark:bg-gray-800"
        for="field-1"
      >
        Artyści
      </label>
      <input
        aria-label="Artyści-input"
        class="block w-full rounded-none border border-gray-300 bg-white px-3 pt-7 pb-2 text-sm
               placeholder-transparent focus:border-blue-400 focus:outline-none
               focus:shadow-[inset_0_0_3px_rgba(59,130,246,0.3)]
               dark:border-gray-600 dark:bg-gray-800 dark:text-white dark:placeholder-gray-500
               dark:focus:border-blue-400 dark:focus:shadow-[inset_0_0_3px_rgba(59,130,246,0.3)]"
        id="field-1"
        maxlength="100"
        type="text"
        value=""
      />
    </div>
    <div
      class="ml-4"
    />
  </div>
  <div
    class="relative "
  >
    <div
      class="relative w-full mb-2"
    >
      <label
        class="absolute left-2 top-2 text-xs text-gray-500 dark:text-gray-400 bg-white px-1 z-10 dark:bg-gray-800"
        for="field-2"
      >
        Rok
      </label>
      <input
        aria-label="Rok-input"
        class="block w-full rounded-none border border-gray-300 bg-white px-3 pt-7 pb-2 text-sm
               placeholder-transparent focus:border-blue-400 focus:outline-none
               focus:shadow-[inset_0_0_3px_rgba(59,130,246,0.3)]
               dark:border-gray-600 dark:bg-gray-800 dark:text-white dark:placeholder-gray-500
               dark:focus:border-blue-400 dark:focus:shadow-[inset_0_0_3px_rgba(59,130,246,0.3)]"
        id="field-2"
        maxlength="100"
        type="text"
        value=""
      />
    </div>
    <div
      class="ml-4"
    />
  </div>
</div>
`;
