// Jest Snapshot v1, https://goo.gl/fbAQLP

exports[`artworks controller POST endpoints importData should respond with status 201 and correct body 1`] = `
[
  {
    "__v": 0,
    "_id": "66ce0bf156199c1b8df5db7d",
    "categories": [
      {
        "name": "Title",
        "subcategories": [],
        "values": [
          "An artwork title",
        ],
      },
    ],
    "collectionName": "collection",
    "createdAt": "2024-09-25T02:43:33.416Z",
    "updatedAt": "2024-09-25T02:43:33.416Z",
  },
]
`;
