// Jest Snapshot v1, https://goo.gl/fbAQLP

exports[`data-import controller GET endpoints getXlsxWithArtworksData should respond with status 200 and correct body 1`] = `{}`;

exports[`data-import controller GET endpoints getXlsxWithArtworksData should respond with status 200 and correct body 2`] = `{}`;

exports[`data-import controller GET endpoints getXlsxWithCollectionData should respond with status 200 and correct body 1`] = `{}`;
