// Jest Snapshot v1, https://goo.gl/fbAQLP

exports[`Artworks controller GET endpoints getArtworks should respond with status code 200 and correct body 1`] = `
{
  "artwork": {
    "__v": Any<Number>,
    "_id": "662e92b5d628570afa5357c3",
    "categories": Any<Array>,
    "collectionName": Any<String>,
    "createdAt": Any<String>,
    "updatedAt": Any<String>,
  },
}
`;
