// Jest Snapshot v1, https://goo.gl/fbAQLP

exports[`auth controller POST endpoints loginUser should respond with status 200 and correct body 1`] = `
{
  "token": "eyJhbGciOiJIUzI1NiIsInR5cCI6IkpXVCJ9.eyJ1c2VybmFtZSI6InRlc3Rvd3kiLCJmaXJzdE5hbWUiOiJ0ZXN0b3d5IiwidXNlcklkIjoiNjZiNjUwNmZiYjY0ZGYxNjVlOGE5Y2U2IiwiaWF0IjoxNzI0MTg0MTE0LCJleHAiOjE3MjUxODQxMTR9.fzHPaXFMzQTVUf9IdZ0G6oeiaeccN-rDSjRS3kApqlA",
}
`;

exports[`auth controller POST endpoints registerUser should respond with status 201 and correct body 1`] = `
{
  "token": "eyJhbGciOiJIUzI1NiIsInR5cCI6IkpXVCJ9.eyJ1c2VybmFtZSI6InRlc3Rvd3kiLCJmaXJzdE5hbWUiOiJ0ZXN0b3d5IiwidXNlcklkIjoiNjZiNjUwNmZiYjY0ZGYxNjVlOGE5Y2U2IiwiaWF0IjoxNzI0MTg0MTE0LCJleHAiOjE3MjUxODQxMTR9.fzHPaXFMzQTVUf9IdZ0G6oeiaeccN-rDSjRS3kApqlA",
}
`;
